[Licensing::Module] Trying to connect to existing licensing client channel...
Built from '6000.5/staging' branch; Version is '6000.5.9f1 (b57deb96f08d) revision 11894251'; Using compiler version '194234433'; Build Type 'Release'
OS: 'Windows 11  (10.0.26200) Core' Language: 'ko' Physical Memory: 24465 MB
[Licensing::IpcConnector] Channel LicenseClient-admin doesn't exist
BatchMode: 0, IsHumanControllingUs: 1, StartBugReporterOnCrash: 1, Is64bit: 1
System  architecture: x64
Process architecture: x64
Date: 2026-09-21T06:51:01Z
[Licensing::Module] Successfully launched the LicensingClient (PId: 12268)

COMMAND LINE ARGUMENTS:
Unity.exe
-projectPath
C:\Users\admin\Desktop\games\mobile-rpg\client
-executeMethod
Sapphire.EditorTools.VillageHubScreenshotCapture.CaptureFullMap
-logFile
C:\Users\admin\Desktop\games\mobile-rpg\client\fullmap_shot.log
Successfully changed project path to: C:\Users\admin\Desktop\games\mobile-rpg\client
C:/Users/admin/Desktop/games/mobile-rpg/client
[UnityMemory] Configuration Parameters - Can be set up in boot.config
    "memorysetup-temp-allocator-size-gi-baking-worker=262144"
    "memorysetup-temp-allocator-size-gi-baking-worker=262144"
    "memorysetup-temp-allocator-size-gi-baking-worker=262144"
    "memorysetup-temp-allocator-size-gi-baking-worker=262144"
    "memorysetup-temp-allocator-size-gi-baking-worker=262144"
    "memorysetup-temp-allocator-size-nav-mesh-worker=65536"
    "memorysetup-temp-allocator-size-audio-worker=65536"
    "memorysetup-temp-allocator-size-cloud-worker=32768"
    "memorysetup-temp-allocator-size-gfx=262144"
    "memorysetup-remapper-allocator-initial-capacity=32768"
    "memorysetup-temp-allocator-size-preload-manager=33554432"
    "memorysetup-allocator-temp-initial-block-size-main=262144"
    "memorysetup-allocator-temp-initial-block-size-worker=262144"
    "memorysetup-temp-allocator-size-job-worker=262144"
    "memorysetup-temp-allocator-size-background-worker=32768"
    "memorysetup-bucket-allocator-granularity=16"
    "memorysetup-bucket-allocator-bucket-count=8"
    "memorysetup-bucket-allocator-block-size=33554432"
    "memorysetup-bucket-allocator-block-count=8"
    "memorysetup-main-allocator-block-size=16777216"
    "memorysetup-thread-allocator-block-size=16777216"
    "memorysetup-main-allocator-mimalloc-enabled=0"
    "memorysetup-gfx-main-allocator-block-size=16777216"
    "memorysetup-gfx-thread-allocator-block-size=16777216"
    "memorysetup-cache-allocator-block-size=4194304"
    "memorysetup-typetree-allocator-block-size=2097152"
    "memorysetup-profiler-bucket-allocator-granularity=16"
    "memorysetup-profiler-bucket-allocator-bucket-count=8"
    "memorysetup-profiler-bucket-allocator-block-size=33554432"
    "memorysetup-profiler-bucket-allocator-block-count=8"
    "memorysetup-profiler-allocator-block-size=16777216"
    "memorysetup-profiler-editor-allocator-block-size=1048576"
    "memorysetup-temp-allocator-size-main=16777216"
    "memorysetup-job-temp-allocator-block-size=2097152"
    "memorysetup-job-temp-allocator-block-size-background=1048576"
    "memorysetup-job-temp-allocator-reduction-small-platforms=262144"
Logging is directed to a specific file, skipping project log.Player connection [17000]  Target information:

Player connection [17000]  * "[IP] 192.168.219.100 [Port] 55504 [Flags] 2 [Guid] 1689957335 [EditorId] 1689957335 [Version] 1048832 [Id] WindowsEditor(7,lee) [Debug] 1 [PackageName] WindowsEditor [ProjectName] Editor" 

Player connection [17000]  * "[IP] 172.25.176.1 [Port] 55504 [Flags] 2 [Guid] 1689957335 [EditorId] 1689957335 [Version] 1048832 [Id] WindowsEditor(7,lee) [Debug] 1 [PackageName] WindowsEditor [ProjectName] Editor" 

Player connection [17000] Host joined multi-casting on [225.0.0.222:54997]...
Player connection [17000] Host joined alternative multi-casting on [225.0.0.222:34997]...
Input System module state changed to: Initialized.
[Physics::Module] Initialized fallback backend.
[Physics::Module] Id: 0xdecafbad
[Package Manager] Connected to IPC stream "Upm-7208" after 0.3 seconds.
[Licensing::Module] Licensing is not yet initialized.
Starting IPC server.
Waiting for clients to connect on \\.\pipe\Unity-LicenseClient-admin, press Ctrl-C to exit.
[Licensing::IpcConnector] Successfully connected to: "LicenseClient-admin" at "2026-09-21T06:51:01.919174Z"
[Licensing::Client] Code 10 while verifying Licensing Client signature (process Id: 12268, path: "C:/Program Files/Unity/Hub/Editor/6000.5.9f1/Editor/Data/Resources/Licensing/Client/Unity.Licensing.Client.exe")
[Licensing::Module] LicensingClient has failed validation; ignoring
[Licensing::Client] Handshaking with LicensingClient:
  Version:                 1.18.3+d7ffd15
  Session Id:              ef1d55fdfacc4f7795e4917c1d098940
  Correlation Id:          9583bb8427422172dded07258f9a913e
  External correlation Id: 7337467218357581614
  Machine Id:              cq4R4ynVkOB1d/Vm46CbIOS9oPU=
[Licensing::Module] Successfully connected to LicensingClient on channel: "LicenseClient-admin" (connect: 0.57s, validation: 0.04s, handshake: 0.03s)
[Licensing::IpcConnector] Successfully connected to: "LicenseClient-admin-notifications" at "2026-09-21T06:51:01.9868838Z"
[Licensing::Module] Connected to LicensingClient (PId: 12268, launch time: 0.00, total connection time: 0.63s)
[Licensing::Module] Error: Access token is unavailable; failed to update
[Licensing::Client] Successfully resolved entitlement details
[Licensing::Module] License group:
  Id: 14569790345973-UnityPersXXXX
  Product: Unity Personal
  Type: Assigned
  Expiration: Unlimited
[Licensing::Client] Successfully updated license, isAsync: True, time: 0.01
[Licensing::Client] Successfully resolved entitlement details
[Licensing::Module] Licensing Background thread has ended after 0.67s
[Licensing::Module] Licensing is initialized (took 0.29s).
[Licensing::Client] Successfully resolved entitlement details
Library Redirect Path: Library/
[Physics::Module] Selected backend.
[Physics::Module] Name: PhysX
[Physics::Module] Id: 0xf2b8ea05
[Physics::Module] SDK Version: 4.1.2
[Physics::Module] Integration Version: 1.0.0
[Physics::Module] Threading Mode: Multi-Threaded
Artifact Garbage Collection - Removed 5 unused hashed content files
Initialize engine version: 6000.5.9f1 (b57deb96f08d)
[Subsystems] Discovering subsystems at path C:/Program Files/Unity/Hub/Editor/6000.5.9f1/Editor/Data/Resources/UnitySubsystems
[Subsystems] Discovering subsystems at path C:/Users/admin/Desktop/games/mobile-rpg/client/Assets
[D3D12 Device Filter] Vendor Name: NVIDIA
[D3D12 Device Filter] Device Name: NVIDIA GeForce RTX 3050
[D3D12 Device Filter] Driver Version: 32.0.16.1656
[D3D12 Device Filter] Feature Level: 12.2
[D3D12 Device Filter] Graphics Memory: 6002 MB
[D3D12 Device Filter] Processor Count: 12
[D3D12 Device Filter] Device Type: Discrete
GfxDevice: creating device client; kGfxThreadingModeSplitJobs
d3d12: failed to query info queue interface (0x80004002).
Direct3D:
    Version:         Direct3D 12 [level 12.2]
    Renderer:        NVIDIA GeForce RTX 3050 (ID=0x2584)
    Vendor:          NVIDIA
    VRAM:            6002 MB
    App VRAM Budget: 5234 MB
    Driver:          32.0.16.1656
Initialize mono
Mono path[0] = 'C:/Program Files/Unity/Hub/Editor/6000.5.9f1/Editor/Data/Managed'
Mono path[1] = 'C:/Program Files/Unity/Hub/Editor/6000.5.9f1/Editor/Data/BCLExtensions/runtime/netstandard2.1'
Mono path[2] = 'C:/Program Files/Unity/Hub/Editor/6000.5.9f1/Editor/Data/MonoBleedingEdge/lib/mono/unityjit-win32'
Mono config path = 'C:/Program Files/Unity/Hub/Editor/6000.5.9f1/Editor/Data/MonoBleedingEdge/etc'
Using monoOptions --debugger-agent=transport=dt_socket,embedding=1,server=y,suspend=n,address=127.0.0.1:56208
CodeReloadManager initialized
ImportWorker Server TCP listen port: 0
AcceleratorClientConnectionCallback - disconnected - :0
Begin MonoManager ReloadAssembly
Registering precompiled unity dll's ...
Register platform support module: C:/Program Files/Unity/Hub/Editor/6000.5.9f1/Editor/Data/PlaybackEngines/WebGLSupport/UnityEditor.WebGL.Extensions.dll
Register platform support module: C:/Program Files/Unity/Hub/Editor/6000.5.9f1/Editor/Data/PlaybackEngines/WindowsStandaloneSupport/UnityEditor.WindowsStandalone.Extensions.dll
[Licensing::Client] Successfully resolved entitlement details
Register platform support module: C:/Program Files/Unity/Hub/Editor/6000.5.9f1/Editor/Data/PlaybackEngines/AndroidPlayer/UnityEditor.Android.Extensions.dll
Registered in 0.006411 seconds.
Native extension for Android target not found
Native extension for WindowsStandalone target not found
Native extension for WebGL target not found
Package Manager log level set to [2]
ScheduleIndexationOnStartup MainProcess:False IndexOnStartup:True
Mono: successfully reloaded assembly
- Finished resetting the current domain, in  0.569 seconds
Domain Reload Profiling: 1131ms
	BeginReloadAssembly (160ms)
		CreateAndSetChildDomain (20ms)
	RebuildCommonClasses (6ms)
	RebuildNativeTypeToScriptingClass (17ms)
	initialDomainReloadingComplete (83ms)
	LoadAllAssembliesAndSetupDomain (296ms)
		LoadAssemblies (138ms)
		AnalyzeDomain (212ms)
			TypeCache.Refresh (211ms)
				TypeCache.ScanAssembly (197ms)
	FinalizeReload (570ms)
		SetupLoadedEditorAssemblies (0ms)
			InitializePlatformSupportModulesInManaged (64ms)
			BeforeProcessingInitializeOnLoad (93ms)
			ProcessInitializeOnLoadAttributes (102ms)
			ProcessInitializeOnLoadMethodAttributes (232ms)
[Licensing::Client] Successfully resolved entitlement details
Application.AssetDatabase Initial Refresh Start
[Package Manager] Restoring resolved packages state from cache
[Licensing::Client] Successfully resolved entitlement details
[Package Manager] Registered 41 packages:
  Packages from [https://packages.unity.com]:
    com.unity.inputsystem@1.20.0 (location: C:\Users\admin\Desktop\games\mobile-rpg\client\Library\PackageCache\com.unity.inputsystem@7a4e1a2a8194)
  Built-in packages:
    com.unity.test-framework@1.7.0 (location: C:\Users\admin\Desktop\games\mobile-rpg\client\Library\PackageCache\com.unity.test-framework@1405238725ab)
    com.unity.ugui@2.5.0 (location: C:\Users\admin\Desktop\games\mobile-rpg\client\Library\PackageCache\com.unity.ugui@1c4864518158)
    com.unity.multiplayer.center@1.0.1 (location: C:\Users\admin\Desktop\games\mobile-rpg\client\Library\PackageCache\com.unity.multiplayer.center@b860850997d0)
    com.unity.modules.accessibility@1.0.0 (location: C:\Users\admin\Desktop\games\mobile-rpg\client\Library\PackageCache\com.unity.modules.accessibility)
    com.unity.modules.adaptiveperformance@1.0.0 (location: C:\Users\admin\Desktop\games\mobile-rpg\client\Library\PackageCache\com.unity.modules.adaptiveperformance)
    com.unity.modules.ai@1.0.0 (location: C:\Users\admin\Desktop\games\mobile-rpg\client\Library\PackageCache\com.unity.modules.ai)
    com.unity.modules.androidjni@1.0.0 (location: C:\Users\admin\Desktop\games\mobile-rpg\client\Library\PackageCache\com.unity.modules.androidjni)
    com.unity.modules.animation@1.0.0 (location: C:\Users\admin\Desktop\games\mobile-rpg\client\Library\PackageCache\com.unity.modules.animation)
    com.unity.modules.assetbundle@1.0.0 (location: C:\Users\admin\Desktop\games\mobile-rpg\client\Library\PackageCache\com.unity.modules.assetbundle)
    com.unity.modules.audio@1.0.0 (location: C:\Users\admin\Desktop\games\mobile-rpg\client\Library\PackageCache\com.unity.modules.audio)
    com.unity.modules.cloth@1.0.0 (location: C:\Users\admin\Desktop\games\mobile-rpg\client\Library\PackageCache\com.unity.modules.cloth)
    com.unity.modules.director@1.0.0 (location: C:\Users\admin\Desktop\games\mobile-rpg\client\Library\PackageCache\com.unity.modules.director)
    com.unity.modules.imageconversion@1.0.0 (location: C:\Users\admin\Desktop\games\mobile-rpg\client\Library\PackageCache\com.unity.modules.imageconversion)
    com.unity.modules.imgui@1.0.0 (location: C:\Users\admin\Desktop\games\mobile-rpg\client\Library\PackageCache\com.unity.modules.imgui)
    com.unity.modules.jsonserialize@1.0.0 (location: C:\Users\admin\Desktop\games\mobile-rpg\client\Library\PackageCache\com.unity.modules.jsonserialize)
    com.unity.modules.particlesystem@1.0.0 (location: C:\Users\admin\Desktop\games\mobile-rpg\client\Library\PackageCache\com.unity.modules.particlesystem)
    com.unity.modules.physics@1.0.0 (location: C:\Users\admin\Desktop\games\mobile-rpg\client\Library\PackageCache\com.unity.modules.physics)
    com.unity.modules.physics2d@1.0.0 (location: C:\Users\admin\Desktop\games\mobile-rpg\client\Library\PackageCache\com.unity.modules.physics2d)
    com.unity.modules.physicscore2d@1.0.0 (location: C:\Users\admin\Desktop\games\mobile-rpg\client\Library\PackageCache\com.unity.modules.physicscore2d)
    com.unity.modules.screencapture@1.0.0 (location: C:\Users\admin\Desktop\games\mobile-rpg\client\Library\PackageCache\com.unity.modules.screencapture)
    com.unity.modules.terrain@1.0.0 (location: C:\Users\admin\Desktop\games\mobile-rpg\client\Library\PackageCache\com.unity.modules.terrain)
    com.unity.modules.terrainphysics@1.0.0 (location: C:\Users\admin\Desktop\games\mobile-rpg\client\Library\PackageCache\com.unity.modules.terrainphysics)
    com.unity.modules.tilemap@1.0.0 (location: C:\Users\admin\Desktop\games\mobile-rpg\client\Library\PackageCache\com.unity.modules.tilemap)
    com.unity.modules.ui@1.0.0 (location: C:\Users\admin\Desktop\games\mobile-rpg\client\Library\PackageCache\com.unity.modules.ui)
    com.unity.modules.uielements@1.0.0 (location: C:\Users\admin\Desktop\games\mobile-rpg\client\Library\PackageCache\com.unity.modules.uielements)
    com.unity.modules.umbra@1.0.0 (location: C:\Users\admin\Desktop\games\mobile-rpg\client\Library\PackageCache\com.unity.modules.umbra)
    com.unity.modules.unityanalytics@1.0.0 (location: C:\Users\admin\Desktop\games\mobile-rpg\client\Library\PackageCache\com.unity.modules.unityanalytics)
    com.unity.modules.unitywebrequest@1.0.0 (location: C:\Users\admin\Desktop\games\mobile-rpg\client\Library\PackageCache\com.unity.modules.unitywebrequest)
    com.unity.modules.unitywebrequestassetbundle@1.0.0 (location: C:\Users\admin\Desktop\games\mobile-rpg\client\Library\PackageCache\com.unity.modules.unitywebrequestassetbundle)
    com.unity.modules.unitywebrequestaudio@1.0.0 (location: C:\Users\admin\Desktop\games\mobile-rpg\client\Library\PackageCache\com.unity.modules.unitywebrequestaudio)
    com.unity.modules.unitywebrequesttexture@1.0.0 (location: C:\Users\admin\Desktop\games\mobile-rpg\client\Library\PackageCache\com.unity.modules.unitywebrequesttexture)
    com.unity.modules.unitywebrequestwww@1.0.0 (location: C:\Users\admin\Desktop\games\mobile-rpg\client\Library\PackageCache\com.unity.modules.unitywebrequestwww)
    com.unity.modules.vectorgraphics@1.0.0 (location: C:\Users\admin\Desktop\games\mobile-rpg\client\Library\PackageCache\com.unity.modules.vectorgraphics)
    com.unity.modules.vehicles@1.0.0 (location: C:\Users\admin\Desktop\games\mobile-rpg\client\Library\PackageCache\com.unity.modules.vehicles)
    com.unity.modules.video@1.0.0 (location: C:\Users\admin\Desktop\games\mobile-rpg\client\Library\PackageCache\com.unity.modules.video)
    com.unity.modules.wind@1.0.0 (location: C:\Users\admin\Desktop\games\mobile-rpg\client\Library\PackageCache\com.unity.modules.wind)
    com.unity.modules.xr@1.0.0 (location: C:\Users\admin\Desktop\games\mobile-rpg\client\Library\PackageCache\com.unity.modules.xr)
    com.unity.modules.subsystems@1.0.0 (location: C:\Users\admin\Desktop\games\mobile-rpg\client\Library\PackageCache\com.unity.modules.subsystems)
    com.unity.modules.hierarchycore@1.0.0 (location: C:\Users\admin\Desktop\games\mobile-rpg\client\Library\PackageCache\com.unity.modules.hierarchycore)
    com.unity.ext.nunit@2.1.0 (location: C:\Users\admin\Desktop\games\mobile-rpg\client\Library\PackageCache\com.unity.ext.nunit@44f7d31723bd)
[Subsystems] No new subsystems found in resolved package list.
[Package Manager] Done registering packages in 0.01 seconds
info: Microsoft.Hosting.Lifetime[14]
      Now listening on: http://localhost:80
info: Microsoft.Hosting.Lifetime[0]
      Application started. Press Ctrl+C to shut down.
info: Microsoft.Hosting.Lifetime[0]
      Hosting environment: Production
info: Microsoft.Hosting.Lifetime[0]
      Content root path: C:\Users\admin\Desktop\games\mobile-rpg\client
info: Microsoft.AspNetCore.Hosting.Diagnostics[1]
      Request starting HTTP/2 POST http://ilpp/UnityILPP.PostProcessing/Ping - application/grpc -
info: Microsoft.AspNetCore.Routing.EndpointMiddleware[0]
      Executing endpoint 'gRPC - /UnityILPP.PostProcessing/Ping'
info: Microsoft.AspNetCore.Routing.EndpointMiddleware[1]
      Executed endpoint 'gRPC - /UnityILPP.PostProcessing/Ping'
info: Microsoft.AspNetCore.Hosting.Diagnostics[2]
      Request finished HTTP/2 POST http://ilpp/UnityILPP.PostProcessing/Ping - 200 - application/grpc 25.7958ms
Starting: C:\Program Files\Unity\Hub\Editor\6000.5.9f1\Editor\Data\Tools\BuildPipeline\bee_backend.exe --ipc --defer-dag-verification --dagfile="Library/Bee/1900b0aE.dag" --continue-on-failure --profile="Library/Bee/backend1.traceevents" ScriptAssemblies
WorkingDir: C:/Users/admin/Desktop/games/mobile-rpg/client
Starting: C:\Program Files\Unity\Hub\Editor\6000.5.9f1\Editor\Data\netcorerun\netcorerun.exe "C:\Program Files\Unity\Hub\Editor\6000.5.9f1\Editor\Data\Tools\BuildPipeline\ScriptCompilationBuildProgram.exe" "Library/Bee/1900b0aE.dag.json" "Library/Bee/1900b0aE-inputdata.json" "Library\Bee\buildprogram0.traceevents"
WorkingDir: C:/Users/admin/Desktop/games/mobile-rpg/client
ExitCode: 4 Duration: 0s109ms
Rebuilding DAG because FileSignature timestamp changed: Library/Bee/1900b0aE-inputdata.json
*** Tundra requires additional run (0.08 seconds), 0 items updated, 336 evaluated
ExitCode: 0 Duration: 0s331ms
Starting: C:\Program Files\Unity\Hub\Editor\6000.5.9f1\Editor\Data\Tools\BuildPipeline\bee_backend.exe --ipc --defer-dag-verification --dagfile="Library/Bee/1900b0aE.dag" --continue-on-failure --dagfilejson="Library\Bee\1900b0aE.dag.json" --profile="Library/Bee/backend2.traceevents" ScriptAssemblies
WorkingDir: C:/Users/admin/Desktop/games/mobile-rpg/client
ExitCode: 0 Duration: 0s81ms
Finished compiling graph: 339 nodes, 4233 flattened edges (3935 ToBuild, 42 ToUse), maximum node priority 181
*** Tundra build success (0.06 seconds), 0 items updated, 336 evaluated
AssetDatabase: script compilation time: 0.890915s
Begin MonoManager ReloadAssembly
Native extension for Android target not found
Native extension for WindowsStandalone target not found
Native extension for WebGL target not found
ScheduleIndexationOnStartup MainProcess:True IndexOnStartup:True
Mono: successfully reloaded assembly
- Finished resetting the current domain, in  0.531 seconds
Domain Reload Profiling: 1215ms
	BeginReloadAssembly (358ms)
		DisableScriptedObjects (54ms)
		CreateAndSetChildDomain (157ms)
	RebuildCommonClasses (8ms)
	RebuildNativeTypeToScriptingClass (15ms)
	initialDomainReloadingComplete (40ms)
	LoadAllAssembliesAndSetupDomain (260ms)
		LoadAssemblies (215ms)
		AnalyzeDomain (57ms)
			TypeCache.Refresh (40ms)
				TypeCache.ScanAssembly (33ms)
			BuildScriptInfoCaches (13ms)
	FinalizeReload (533ms)
		SetupLoadedEditorAssemblies (0ms)
			InitializePlatformSupportModulesInManaged (16ms)
			BeforeProcessingInitializeOnLoad (94ms)
			ProcessInitializeOnLoadAttributes (125ms)
			ProcessInitializeOnLoadMethodAttributes (77ms)
			AfterProcessingInitializeOnLoad (6ms)
		AwakeInstancesAfterBackupRestoration (33ms)
Starting new worker id: 0 with log in C:/Users/admin/Desktop/games/mobile-rpg/client/Logs/AssetImportWorkerHW0.log

Asset Pipeline Refresh (id=1ac4d531eb53164428baef61e6476aad): Total: 2.351 seconds - Initiated by InitialRefreshV2(ForceSynchronousImport)
	(Values over 0.05ms)
	Summary:
		Imports: total=0 (actual=0, local cache=0, cache server=0)
		Asset DB Process Time: managed=0 ms, native=692 ms
		Asset DB Callback time: managed=20 ms, native=14 ms
		Scripting: domain reloads=1, domain reload time=713 ms, compile time=893 ms, other=17 ms
		Project Asset Count: scripts=387, non-scripts=517
		Asset File Changes: new=0, changed=0, moved=0, deleted=0
		Scan Filter Count: 0
	InvokePackagesCallback: 15.694ms
	ApplyChangesToAssetFolders: 0.466ms
	Scan: 40.625ms
	Collect global state as custom dependencies: 9.860ms
	CategorizeScriptCompilationAssets: 7.407ms
	ProcessAssetsWithTransientArtifactChanges: 16.194ms
	CategorizeAssets: 7.898ms
	CompileScripts: 892.896ms
	ImportOutOfDateAssets: 551.557ms (537.162ms without children)
		UnloadImportedAssets: 0.137ms
		EnsureUptoDateAssetsAreRegisteredWithGuidPM: 0.136ms
		ImportSchedulerStart: 14.120ms
	PostProcessAllAssets: 20.574ms
		MonoPostProcessAllAssets: 20.495ms
			WindowAssetPostprocessingWatcher.OnPostprocessAllAssets 7.292ms
			SyncVS.PostprocessSyncProject 2.626ms
			EditModeScopePostprocessor.OnPostprocessAllAssets 0.873ms
			SpeedTree9Postprocessor.OnPostprocessAllAssets 0.735ms
			InputActionAssetPostprocessor.OnPostprocessAllAssets 0.272ms
			ReferencedClipsPostProcessor.OnPostprocessAllAssets 0.257ms
			TerrainToolbarOverlayPostProcessor.OnPostprocessAllAssets 0.231ms
			AssetDatabaseCallbacks.OnPostprocessAllAssets 0.158ms
			ProjectSettingsPostprocessor.OnPostprocessAllAssets 0.144ms
			RenderPipelineGlobalSettingsPostprocessor.OnPostprocessAllAssets 0.080ms
	UnloadStreamsBegin: 1.224ms
	GenerateScriptTypeHashes: 1.826ms
	GenerateScriptTypeSerializationHashes: 3.740ms
	Untracked: 781.825ms

Application.AssetDatabase Initial Refresh End
Launched and connected shader compiler UnityShaderCompiler.exe after 0.01 seconds
Scanning for USB devices : 4.222ms
Initializing Unity extensions:
[MODES] ModeService[none].Initialize
[MODES] ModeService[none].LoadModes
[MODES] Loading mode Default (0) for mode-current-id-Sapphire RPG
Unloading 25 Unused Serialized files (Serialized files now loaded: 0)
Loaded scene 'Assets/Sapphire/Scenes/VillageHub.unity'
	Deserialize:            45.813 ms
	Integration:            80.213 ms
	Integration of assets:  2.742 ms
	Thread Wait Time:       0.014 ms
	Total Operation Time:   128.782 ms
Unloading 1380 unused Assets / (1.0 MB). Loaded Objects now: 3338.
Memory consumption went from 322.7 MB to 321.7 MB.
Total: 6.758200 ms (FindLiveObjects: 0.281600 ms CreateObjectMapping: 0.313600 ms MarkObjects: 5.586600 ms  DeleteObjects: 0.573500 ms)

[LAYOUT] About to load UserSettings\Layouts\default-6000.dwlt, keepMainWindow=False
[LAYOUT] About to save layout C:\Users\admin\Desktop\games\mobile-rpg\client\UserSettings\Layouts\default-6000.dwlt
[LAYOUT] About to save layout C:/Users/admin/AppData/Roaming/Unity/Editor-5.x/Preferences\Layouts\current\default-6000.dwlt
[MODES] ModeService[default].InitializeCurrentMode
[MODES] ModeService[default].RaiseModeChanged(default, default)
This project uses Input Manager, which is marked for deprecation. To manage input in your project, use the <a href="https://docs.unity3d.com/Packages/com.unity.inputsystem@latest">Input System package</a> instead.
Opening scene 'Assets/Sapphire/Scenes/VillageHub.unity'
Unloading 35 Unused Serialized files (Serialized files now loaded: 0)
Worker ready: AssetImportWorkerHW0 0
Loaded scene 'Assets/Sapphire/Scenes/VillageHub.unity'
	Deserialize:            25.603 ms
	Integration:            14.328 ms
	Integration of assets:  0.005 ms
	Thread Wait Time:       1143.159 ms
	Total Operation Time:   1183.095 ms
Unloading 56 unused Assets / (17.1 MB). Loaded Objects now: 4102.
Memory consumption went from 489.0 MB to 471.9 MB.
Total: 13.496800 ms (FindLiveObjects: 0.363200 ms CreateObjectMapping: 0.164300 ms MarkObjects: 9.626800 ms  DeleteObjects: 3.341600 ms)

<RI> Initializing input.
Using Windows.Gaming.Input
<RI> Input initialized.
[Project] Loading completed in 7.404 seconds
	Project init time: 				5.018 seconds
		Template init time: 		0.000 seconds
		Package Manager init time: 		0.545 seconds
		Asset Database init time: 		0.126 seconds
		Global illumination init time: 	0.002 seconds
		Assemblies load time: 			1.170 seconds
		Unity extensions init time: 	0.006 seconds
		Asset Database refresh time: 	2.352 seconds
	Scene opening time: 			2.273 seconds
##utp:{"type":"ProjectInfo","version":2,"phase":"Immediate","time":1789973468747,"processId":7208,"projectLoad":7.4035483,"projectInit":5.0180357,"templateInit":0.0,"packageManagerInit":0.5452798,"assetDatabaseInit":0.1256792,"globalIlluminationInit":0.0018131,"assembliesLoad":1.1703124,"unityExtensionsInit":0.0062649,"assetDatabaseRefresh":2.3516511,"sceneOpening":2.2728576}
##utp:{"type":"EditorInfo","version":2,"phase":"Immediate","time":1789973468748,"processId":7208,"editorVersion":"6000.5.9f1 (b57deb96f08d)","branch":"6000.5/staging","buildType":"Release","platform":"Windows"}
Reloading assemblies for play mode.
Reloading assemblies after forced synchronous recompile.
Begin MonoManager ReloadAssembly
Native extension for Android target not found
Native extension for WindowsStandalone target not found
Native extension for WebGL target not found
ScheduleIndexationOnStartup MainProcess:True IndexOnStartup:True
[MODES] ModeService[none].Initialize
[MODES] ModeService[none].LoadModes
Mono: successfully reloaded assembly
- Finished resetting the current domain, in  1.249 seconds
Domain Reload Profiling: 1860ms
	BeginReloadAssembly (408ms)
		DisableScriptedObjects (148ms)
		CreateAndSetChildDomain (99ms)
	RebuildCommonClasses (12ms)
	RebuildNativeTypeToScriptingClass (16ms)
	initialDomainReloadingComplete (45ms)
	LoadAllAssembliesAndSetupDomain (127ms)
		LoadAssemblies (112ms)
		AnalyzeDomain (9ms)
			TypeCache.Refresh (3ms)
			ResolveRequiredComponents (3ms)
	FinalizeReload (1250ms)
		SetupLoadedEditorAssemblies (0ms)
			InitializePlatformSupportModulesInManaged (13ms)
			BeforeProcessingInitializeOnLoad (85ms)
			ProcessInitializeOnLoadAttributes (269ms)
			ProcessInitializeOnLoadMethodAttributes (66ms)
			AfterProcessingInitializeOnLoad (6ms)
		AwakeInstancesAfterBackupRestoration (500ms)
No restricted APIs configured; Validation skipped.
Checking 1 assemblies for restricted APIs found 0 usage(s) in 4 ms

Asset Pipeline Refresh (id=894af8144f2e5cb41a64e04878dc9a6c): Total: 2.092 seconds - Initiated by StopAssetImportingV2(ForceSynchronousImport | ForceDomainReload)
	(Values over 0.05ms)
	Summary:
		Imports: total=0 (actual=0, local cache=0, cache server=0)
		Asset DB Process Time: managed=0 ms, native=1331 ms
		Asset DB Callback time: managed=62 ms, native=47 ms
		Scripting: domain reloads=1, domain reload time=648 ms, compile time=1 ms, other=0 ms
		Project Asset Count: scripts=387, non-scripts=517
		Asset File Changes: new=0, changed=0, moved=0, deleted=0
		Scan Filter Count: 0
	InvokePackagesCallback: 1.765ms
	ApplyChangesToAssetFolders: 0.240ms
	Collect global state as custom dependencies: 1.187ms
	ProcessAssetsWithTransientArtifactChanges: 32.647ms
	CategorizeAssets: 5.326ms
	CompileScripts: 1.394ms
	ImportOutOfDateAssets: 1257.582ms (1253.303ms without children)
		CollectScriptTypesHashes: 0.059ms
		ReloadNativeAssets: 0.051ms
		UnloadImportedAssets: 1.486ms
		EnsureUptoDateAssetsAreRegisteredWithGuidPM: 0.112ms
		ImportSchedulerStart: 2.622ms
	PostProcessAllAssets: 103.002ms
		PostProcessCallbackCreateDeferredMaterials 3.017ms
		PostprocessAssetsUpdateCachedIcon 2.727ms
		AssemblyValidation.PostprocessAllAssets 1.711ms
		ShaderAssetModifiedCallback 1.690ms
		RaytracingShaderImportPostprocess 1.155ms
		ComputeShaderImportPostprocess 1.135ms
		SpeedTreeImporter.PostprocessAllAssets 0.949ms
		LocalizationDatabase.AssetDatabasePostprocessCallback 0.502ms
		BlockShaderImporter.PostprocessAllAssets 0.462ms
		XRBuildSystem.XRAssetImported 0.079ms
		MonoPostProcessAllAssets: 59.615ms
			AssetPostprocessor.OnPostprocessAllAssets 9.615ms
			WindowAssetPostprocessingWatcher.OnPostprocessAllAssets 7.488ms
			InputActionJsonNameModifierAssetProcessor.OnPostprocessAllAssets 5.660ms
			InputActionAssetPostprocessor.OnPostprocessAllAssets 5.601ms
			BuilderAssetPostprocessor.OnPostprocessAllAssets 5.489ms
			AssetChangedListener.OnPostprocessAllAssets 4.235ms
			TextAssetPostProcessor.OnPostprocessAllAssets 3.601ms
			SpeedTree9Postprocessor.OnPostprocessAllAssets 1.610ms
			SyncVS.PostprocessSyncProject 1.551ms
			RetainedModeAssetPostprocessor.OnPostprocessAllAssets 1.259ms
			ProjectSettingsPostprocessor.OnPostprocessAllAssets 0.650ms
			ArtifactBrowserPostProcessor.OnPostprocessAllAssets 0.456ms
			StyleCatalogPostProcessor.OnPostprocessAllAssets 0.317ms
			SkillVfxImporter.OnPostprocessAllAssets 0.314ms
			AudioMixerPostprocessor.OnPostprocessAllAssets 0.293ms
			EditModeScopePostprocessor.OnPostprocessAllAssets 0.282ms
			TMPro_TexturePostProcessor.OnPostprocessAllAssets 0.280ms
			ReferencedClipsPostProcessor.OnPostprocessAllAssets 0.266ms
			AssetEvents.OnPostprocessAllAssets 0.205ms
			SpeedTreePostProcessor.OnPostprocessAllAssets 0.177ms
			AssetDatabaseCallbacks.OnPostprocessAllAssets 0.161ms
			TerrainToolbarOverlayPostProcessor.OnPostprocessAllAssets 0.149ms
			ConfigAssetsTracker.OnPostprocessAllAssets 0.134ms
			ScenarioDriftAssetsTracker.OnPostprocessAllAssets 0.127ms
			WarriorSkillVfxImporter.OnPostprocessAllAssets 0.101ms
			AudioContainerPostProcessor.OnPostprocessAllAssets 0.089ms
			RenderPipelineGlobalSettingsPostprocessor.OnPostprocessAllAssets 0.086ms
	PostAssetChangesProfiler: 6.803ms
	UnloadStreamsBegin: 1.519ms
	GenerateScriptTypeHashes: 0.757ms
	GenerateScriptTypeSerializationHashes: 1.505ms
	Untracked: 674.140ms

Loaded scene 'Temp/__Backupscenes/0.backup'
	Deserialize:            8.331 ms
	Integration:            60.324 ms
	Integration of assets:  0.020 ms
	Thread Wait Time:       0.013 ms
	Total Operation Time:   68.687 ms
Dynamic Batching is deprecated and will be removed in a future release. Use GPU Instancing instead. Disable Dynamic Batching in Project Settings > Player > Other Settings to remove this warning.
UnityEngine.Debug:ExtractStackTraceNoAlloc (byte*,int,string)
UnityEngine.StackTraceUtility:ExtractStackTrace ()
UnityEngine.DebugLogHandler:Internal_Log (UnityEngine.LogType,UnityEngine.LogOption,string,UnityEngine.Object)
UnityEngine.DebugLogHandler:LogFormat (UnityEngine.LogType,UnityEngine.Object,string,object[])
UnityEngine.Logger:Log (UnityEngine.LogType,object)
UnityEngine.Debug:LogWarning (object)
UnityEditor.PlayerSettingsBatchingWarning:WarnIfDynamicBatchingEnabled ()
UnityEditor.EditorApplication:Internal_CallUpdateFunctions ()

Start Indexing on Editor startup
[Indexing] Starting Initial Indexing for Assets
Created GICache directory at C:/Users/admin/AppData/LocalLow/Unity/Caches/GiCache. Took: 0.016s, timestamps: [10.221 - 10.237]
[Licensing::Client] Successfully resolved entitlement details
[Licensing::Client] Successfully resolved entitlement details
VILLAGEHUB_SCREENSHOT SUCCESS path=C:\Users\admin\Desktop\games\mobile-rpg\generated-images\diagnostics\villagehub_fullmap_20260921_155112.png
UnityEngine.Debug:ExtractStackTraceNoAlloc (byte*,int,string)
UnityEngine.StackTraceUtility:ExtractStackTrace ()
UnityEngine.DebugLogHandler:Internal_Log (UnityEngine.LogType,UnityEngine.LogOption,string,UnityEngine.Object)
UnityEngine.DebugLogHandler:LogFormat (UnityEngine.LogType,UnityEngine.Object,string,object[])
UnityEngine.Logger:Log (UnityEngine.LogType,object)
UnityEngine.Debug:Log (object)
Sapphire.EditorTools.VillageHubScreenshotCapture:SaveScreenshot () (at Assets/Sapphire/Editor/VillageHubScreenshotCapture.cs:216)
Sapphire.EditorTools.VillageHubScreenshotCapture:OnUpdate () (at Assets/Sapphire/Editor/VillageHubScreenshotCapture.cs:148)
UnityEditor.EditorApplication:Internal_CallUpdateFunctions ()

(Filename: Assets/Sapphire/Editor/VillageHubScreenshotCapture.cs Line: 216)

Unloading 18 Unused Serialized files (Serialized files now loaded: 0)
Loaded scene 'Temp/__Backupscenes/0.backup'
	Deserialize:            7.576 ms
	Integration:            11.620 ms
	Integration of assets:  0.021 ms
	Thread Wait Time:       0.010 ms
	Total Operation Time:   19.226 ms
Unloading 1324 unused Assets / (13.3 MB). Loaded Objects now: 4155.
Memory consumption went from 0.52 GB to 0.50 GB.
Total: 11.562600 ms (FindLiveObjects: 0.347000 ms CreateObjectMapping: 0.365800 ms MarkObjects: 9.909200 ms  DeleteObjects: 0.939400 ms)

MonoPathRemapper: Attempts to remap: 10978; Successful remaps: 3272
Serialized file version minimum: 23, current 23
[LAYOUT] About to save layout C:\Users\admin\Desktop\games\mobile-rpg\client\UserSettings\Layouts\default-6000.dwlt
[LAYOUT] About to save layout C:/Users/admin/AppData/Roaming/Unity/Editor-5.x/Preferences\Layouts\current\default-6000.dwlt
Android Extension - Scanning For ADB Devices 2199 ms
Killing ADB server in 1.5822183 seconds.
Input System module state changed to: ShutdownInProgress.
Input Polling Thread exited.
Input System module state changed to: Shutdown.
[Physics::Module] Cleanup current backend.
[Physics::Module] Id: 0xf2b8ea05
[Licensing::IpcConnector] LicenseClient-admin-notifications channel disconnected successfully.
[Licensing::IpcConnector] LicenseClient-admin channel disconnected successfully.
Shut down.
Lingering sessions upon destruction of worker manager
AcceleratorClientConnectionCallback - disconnected - :0
Cleanup mono
CodeReloadManager destroyed
abort_threads: Failed aborting id: 0000000000000704, mono_thread_manage will ignore it

abort_threads: Failed aborting id: 00000000000042B4, mono_thread_manage will ignore it

abort_threads: Failed aborting id: 0000000000000704, mono_thread_manage will ignore it

abort_threads: Failed aborting id: 00000000000042B4, mono_thread_manage will ignore it

debugger-agent: Unable to listen on 4736
Checking for leaked weakptr:
  Found no leaked weakptrs.
[Package Manager] Server process was shutdown
Internal: There are remaining Allocations on the JobTempAlloc. This is a leak, and will impact performance
To Debug, run app with -diag-job-temp-memory-leak-validation cmd line argument. This will output the callstacks of the leaked allocations.
Internal: There are remaining Allocations on the JobTempAlloc. This is a leak, and will impact performance
To Debug, run app with -diag-job-temp-memory-leak-validation cmd line argument. This will output the callstacks of the leaked allocations.
##utp:{"type":"MemoryLeaks","version":2,"phase":"Immediate","time":1789973474732,"processId":7208,"allocatedMemory":45972426,"memoryLabels":[{"Default":192863},{"Permanent":15516},{"NewDelete":65105},{"Thread":4205688},{"Manager":32648},{"VertexData":8},{"Geometry":816},{"Texture":24},{"Shader":843992},{"Material":24},{"GfxDevice":61400},{"GfxThread":1536},{"Animation":952},{"Audio":1168},{"FreeType":8},{"FontEngine":736},{"Physics":2146},{"Physics2D":16},{"Serialization":92248},{"Input":45280},{"JobScheduler":256},{"TextLib":19030},{"Mono":48},{"ScriptingNativeRuntime":689868},{"BaseObject":1622088},{"Resource":1208},{"Renderer":3080},{"Transform":4685},{"File":6974},{"WebCam":616},{"Culling":32},{"Terrain":11442},{"Wind":24},{"STL":40},{"String":34194},{"StaticString":3808},{"Utility":2673282},{"Curl":48},{"PoolAlloc":2168},{"AI":80},{"TypeTree":20997},{"CodeReload":448},{"RuntimeInitializeOnLoadManager":64},{"Sprites":102},{"SpriteAtlas":120},{"GI":7816},{"Director":8296},{"CloudService":15992},{"WebRequest":552},{"VR":47114},{"SceneManager":608},{"Video":208},{"LazyScriptCache":32},{"NativeArray":33047588},{"Camera":17},{"Secure":2377},{"SerializationCache":1576},{"APIUpdating":10320},{"Subsystems":336},{"VirtualTexturing":57888},{"StaticSafetyDebugInfo":278528},{"Analytics":552},{"Hierarchy":1176},{"UIElements":220128},{"CoreStats":13688},{"Identifiers":6768},{"Gui":417},{"EditorUtility":191586},{"VersionControl":8},{"Undo":931},{"AssetDatabase":1352809},{"AssetImporter":40},{"EditorGi":328},{"UnityConnect":31010},{"Upm":1912},{"UpmDiagnostics":8},{"AssetCompliance":64},{"DrivenProperties":72},{"LocalIPC":211},{"ProfilerEditor":9746},{"CoreBusinessMetrics":3480},{"Windowing":456},{"Licensing":1232},{"AssetReference":32},{"IPCStream":32}]}
Internal: There are remaining Allocations on the JobTempAlloc. This is a leak, and will impact performance
To Debug, run app with -diag-job-temp-memory-leak-validation cmd line argument. This will output the callstacks of the leaked allocations.
