[Licensing::Module] Trying to connect to existing licensing client channel...
Built from '6000.5/staging' branch; Version is '6000.5.9f1 (b57deb96f08d) revision 11894251'; Using compiler version '194234433'; Build Type 'Release'
OS: 'Windows 11  (10.0.26200) Core' Language: 'ko' Physical Memory: 24465 MB
[Licensing::IpcConnector] Channel LicenseClient-admin doesn't exist
BatchMode: 0, IsHumanControllingUs: 1, StartBugReporterOnCrash: 1, Is64bit: 1
System  architecture: x64
Process architecture: x64
Date: 2026-09-21T06:00:13Z
[Licensing::Module] Successfully launched the LicensingClient (PId: 13860)

COMMAND LINE ARGUMENTS:
Unity.exe
-projectPath
C:\Users\admin\Desktop\games\mobile-rpg\client
-executeMethod
Sapphire.EditorTools.VillageHubScreenshotCapture.CaptureFullMap
-logFile
C:\Users\admin\Desktop\games\mobile-rpg\shot_detour.log
Successfully changed project path to: C:\Users\admin\Desktop\games\mobile-rpg\client
C:/Users/admin/Desktop/games/mobile-rpg/client
[UnityMemory] Configuration Parameters - Can be set up in boot.config
    "memorysetup-temp-allocator-size-gi-baking-worker=262144"
    "memorysetup-temp-allocator-size-gi-baking-worker=262144"
    "memorysetup-temp-allocator-size-gi-baking-worker=262144"
    "memorysetup-temp-allocator-size-gi-baking-worker=262144"
    "memorysetup-temp-allocator-size-gi-baking-worker=262144"
    "memorysetup-temp-allocator-size-nav-mesh-worker=65536"
    "memorysetup-temp-allocator-size-audio-worker=65536"
    "memorysetup-temp-allocator-size-cloud-worker=32768"
    "memorysetup-temp-allocator-size-gfx=262144"
    "memorysetup-remapper-allocator-initial-capacity=32768"
    "memorysetup-temp-allocator-size-preload-manager=33554432"
    "memorysetup-allocator-temp-initial-block-size-main=262144"
    "memorysetup-allocator-temp-initial-block-size-worker=262144"
    "memorysetup-temp-allocator-size-job-worker=262144"
    "memorysetup-temp-allocator-size-background-worker=32768"
    "memorysetup-bucket-allocator-granularity=16"
    "memorysetup-bucket-allocator-bucket-count=8"
    "memorysetup-bucket-allocator-block-size=33554432"
    "memorysetup-bucket-allocator-block-count=8"
    "memorysetup-main-allocator-block-size=16777216"
    "memorysetup-thread-allocator-block-size=16777216"
    "memorysetup-main-allocator-mimalloc-enabled=0"
    "memorysetup-gfx-main-allocator-block-size=16777216"
    "memorysetup-gfx-thread-allocator-block-size=16777216"
    "memorysetup-cache-allocator-block-size=4194304"
    "memorysetup-typetree-allocator-block-size=2097152"
    "memorysetup-profiler-bucket-allocator-granularity=16"
    "memorysetup-profiler-bucket-allocator-bucket-count=8"
    "memorysetup-profiler-bucket-allocator-block-size=33554432"
    "memorysetup-profiler-bucket-allocator-block-count=8"
    "memorysetup-profiler-allocator-block-size=16777216"
    "memorysetup-profiler-editor-allocator-block-size=1048576"
    "memorysetup-temp-allocator-size-main=16777216"
    "memorysetup-job-temp-allocator-block-size=2097152"
    "memorysetup-job-temp-allocator-block-size-background=1048576"
    "memorysetup-job-temp-allocator-reduction-small-platforms=262144"
Logging is directed to a specific file, skipping project log.Player connection [12804]  Target information:

Player connection [12804]  * "[IP] 192.168.219.100 [Port] 55504 [Flags] 2 [Guid] 1681086721 [EditorId] 1681086721 [Version] 1048832 [Id] WindowsEditor(7,lee) [Debug] 1 [PackageName] WindowsEditor [ProjectName] Editor" 

Player connection [12804]  * "[IP] 172.25.176.1 [Port] 55504 [Flags] 2 [Guid] 1681086721 [EditorId] 1681086721 [Version] 1048832 [Id] WindowsEditor(7,lee) [Debug] 1 [PackageName] WindowsEditor [ProjectName] Editor" 

Player connection [12804] Host joined multi-casting on [225.0.0.222:54997]...
Player connection [12804] Host joined alternative multi-casting on [225.0.0.222:34997]...
Input System module state changed to: Initialized.
[Physics::Module] Initialized fallback backend.
[Physics::Module] Id: 0xdecafbad
[Package Manager] Connected to IPC stream "Upm-15424" after 0.2 seconds.
[Licensing::Module] Licensing is not yet initialized.
Starting IPC server.
Waiting for clients to connect on \\.\pipe\Unity-LicenseClient-admin, press Ctrl-C to exit.
[Licensing::IpcConnector] Successfully connected to: "LicenseClient-admin" at "2026-09-21T06:00:16.7890243Z"
[Licensing::Client] Code 10 while verifying Licensing Client signature (process Id: 13860, path: "C:/Program Files/Unity/Hub/Editor/6000.5.9f1/Editor/Data/Resources/Licensing/Client/Unity.Licensing.Client.exe")
[Licensing::Module] LicensingClient has failed validation; ignoring
[Licensing::Client] Handshaking with LicensingClient:
  Version:                 1.18.3+d7ffd15
  Session Id:              67634110093a4332a6af0757fc230c52
  Correlation Id:          c793cf144d7d72cd94a79cb232f11c36
  External correlation Id: 7954780874824344024
  Machine Id:              cq4R4ynVkOB1d/Vm46CbIOS9oPU=
[Licensing::Module] Successfully connected to LicensingClient on channel: "LicenseClient-admin" (connect: 2.91s, validation: 0.45s, handshake: 0.09s)
[Licensing::IpcConnector] Successfully connected to: "LicenseClient-admin-notifications" at "2026-09-21T06:00:17.3307072Z"
[Licensing::Module] Connected to LicensingClient (PId: 13860, launch time: 0.03, total connection time: 3.45s)
[Licensing::Module] Error: Access token is unavailable; failed to update
[Licensing::Client] Successfully resolved entitlement details
[Licensing::Module] License group:
  Id: 14569790345973-UnityPersXXXX
  Product: Unity Personal
  Type: Assigned
  Expiration: Unlimited
[Licensing::Client] Successfully updated license, isAsync: True, time: 0.01
[Licensing::Client] Successfully resolved entitlement details
[Licensing::Module] Licensing Background thread has ended after 3.54s
[Licensing::Module] Licensing is initialized (took 2.36s).
[Licensing::Client] Successfully resolved entitlement details
Library Redirect Path: Library/
[Physics::Module] Selected backend.
[Physics::Module] Name: PhysX
[Physics::Module] Id: 0xf2b8ea05
[Physics::Module] SDK Version: 4.1.2
[Physics::Module] Integration Version: 1.0.0
[Physics::Module] Threading Mode: Multi-Threaded
Artifact Garbage Collection - Removed 5 unused hashed content files
Initialize engine version: 6000.5.9f1 (b57deb96f08d)
[Subsystems] Discovering subsystems at path C:/Program Files/Unity/Hub/Editor/6000.5.9f1/Editor/Data/Resources/UnitySubsystems
[Subsystems] Discovering subsystems at path C:/Users/admin/Desktop/games/mobile-rpg/client/Assets
[D3D12 Device Filter] Vendor Name: NVIDIA
[D3D12 Device Filter] Device Name: NVIDIA GeForce RTX 3050
[D3D12 Device Filter] Driver Version: 32.0.16.1656
[D3D12 Device Filter] Feature Level: 12.2
[D3D12 Device Filter] Graphics Memory: 6002 MB
[D3D12 Device Filter] Processor Count: 12
[D3D12 Device Filter] Device Type: Discrete
GfxDevice: creating device client; kGfxThreadingModeSplitJobs
d3d12: failed to query info queue interface (0x80004002).
Direct3D:
    Version:         Direct3D 12 [level 12.2]
    Renderer:        NVIDIA GeForce RTX 3050 (ID=0x2584)
    Vendor:          NVIDIA
    VRAM:            6002 MB
    App VRAM Budget: 5234 MB
    Driver:          32.0.16.1656
Initialize mono
Mono path[0] = 'C:/Program Files/Unity/Hub/Editor/6000.5.9f1/Editor/Data/Managed'
Mono path[1] = 'C:/Program Files/Unity/Hub/Editor/6000.5.9f1/Editor/Data/BCLExtensions/runtime/netstandard2.1'
Mono path[2] = 'C:/Program Files/Unity/Hub/Editor/6000.5.9f1/Editor/Data/MonoBleedingEdge/lib/mono/unityjit-win32'
Mono config path = 'C:/Program Files/Unity/Hub/Editor/6000.5.9f1/Editor/Data/MonoBleedingEdge/etc'
Using monoOptions --debugger-agent=transport=dt_socket,embedding=1,server=y,suspend=n,address=127.0.0.1:56424
CodeReloadManager initialized
ImportWorker Server TCP listen port: 0
AcceleratorClientConnectionCallback - disconnected - :0
Begin MonoManager ReloadAssembly
Registering precompiled unity dll's ...
Register platform support module: C:/Program Files/Unity/Hub/Editor/6000.5.9f1/Editor/Data/PlaybackEngines/WebGLSupport/UnityEditor.WebGL.Extensions.dll
Register platform support module: C:/Program Files/Unity/Hub/Editor/6000.5.9f1/Editor/Data/PlaybackEngines/WindowsStandaloneSupport/UnityEditor.WindowsStandalone.Extensions.dll
[Licensing::Client] Successfully resolved entitlement details
Register platform support module: C:/Program Files/Unity/Hub/Editor/6000.5.9f1/Editor/Data/PlaybackEngines/AndroidPlayer/UnityEditor.Android.Extensions.dll
Registered in 0.617208 seconds.
Native extension for Android target not found
Native extension for WindowsStandalone target not found
Native extension for WebGL target not found
Package Manager log level set to [2]
ScheduleIndexationOnStartup MainProcess:False IndexOnStartup:True
Mono: successfully reloaded assembly
- Finished resetting the current domain, in  3.361 seconds
Domain Reload Profiling: 6912ms
	BeginReloadAssembly (333ms)
		CreateAndSetChildDomain (20ms)
	RebuildCommonClasses (6ms)
	RebuildNativeTypeToScriptingClass (237ms)
	initialDomainReloadingComplete (824ms)
	LoadAllAssembliesAndSetupDomain (2149ms)
		LoadAssemblies (325ms)
		AnalyzeDomain (2035ms)
			TypeCache.Refresh (2033ms)
				TypeCache.ScanAssembly (1767ms)
	FinalizeReload (3363ms)
		SetupLoadedEditorAssemblies (0ms)
			InitializePlatformSupportModulesInManaged (84ms)
			BeforeProcessingInitializeOnLoad (106ms)
			ProcessInitializeOnLoadAttributes (141ms)
			ProcessInitializeOnLoadMethodAttributes (2939ms)
[Licensing::Client] Successfully resolved entitlement details
Application.AssetDatabase Initial Refresh Start
[Package Manager] Restoring resolved packages state from cache
[Licensing::Client] Successfully resolved entitlement details
[Package Manager] Registered 41 packages:
  Packages from [https://packages.unity.com]:
    com.unity.inputsystem@1.20.0 (location: C:\Users\admin\Desktop\games\mobile-rpg\client\Library\PackageCache\com.unity.inputsystem@7a4e1a2a8194)
  Built-in packages:
    com.unity.test-framework@1.7.0 (location: C:\Users\admin\Desktop\games\mobile-rpg\client\Library\PackageCache\com.unity.test-framework@1405238725ab)
    com.unity.ugui@2.5.0 (location: C:\Users\admin\Desktop\games\mobile-rpg\client\Library\PackageCache\com.unity.ugui@1c4864518158)
    com.unity.multiplayer.center@1.0.1 (location: C:\Users\admin\Desktop\games\mobile-rpg\client\Library\PackageCache\com.unity.multiplayer.center@b860850997d0)
    com.unity.modules.accessibility@1.0.0 (location: C:\Users\admin\Desktop\games\mobile-rpg\client\Library\PackageCache\com.unity.modules.accessibility)
    com.unity.modules.adaptiveperformance@1.0.0 (location: C:\Users\admin\Desktop\games\mobile-rpg\client\Library\PackageCache\com.unity.modules.adaptiveperformance)
    com.unity.modules.ai@1.0.0 (location: C:\Users\admin\Desktop\games\mobile-rpg\client\Library\PackageCache\com.unity.modules.ai)
    com.unity.modules.androidjni@1.0.0 (location: C:\Users\admin\Desktop\games\mobile-rpg\client\Library\PackageCache\com.unity.modules.androidjni)
    com.unity.modules.animation@1.0.0 (location: C:\Users\admin\Desktop\games\mobile-rpg\client\Library\PackageCache\com.unity.modules.animation)
    com.unity.modules.assetbundle@1.0.0 (location: C:\Users\admin\Desktop\games\mobile-rpg\client\Library\PackageCache\com.unity.modules.assetbundle)
    com.unity.modules.audio@1.0.0 (location: C:\Users\admin\Desktop\games\mobile-rpg\client\Library\PackageCache\com.unity.modules.audio)
    com.unity.modules.cloth@1.0.0 (location: C:\Users\admin\Desktop\games\mobile-rpg\client\Library\PackageCache\com.unity.modules.cloth)
    com.unity.modules.director@1.0.0 (location: C:\Users\admin\Desktop\games\mobile-rpg\client\Library\PackageCache\com.unity.modules.director)
    com.unity.modules.imageconversion@1.0.0 (location: C:\Users\admin\Desktop\games\mobile-rpg\client\Library\PackageCache\com.unity.modules.imageconversion)
    com.unity.modules.imgui@1.0.0 (location: C:\Users\admin\Desktop\games\mobile-rpg\client\Library\PackageCache\com.unity.modules.imgui)
    com.unity.modules.jsonserialize@1.0.0 (location: C:\Users\admin\Desktop\games\mobile-rpg\client\Library\PackageCache\com.unity.modules.jsonserialize)
    com.unity.modules.particlesystem@1.0.0 (location: C:\Users\admin\Desktop\games\mobile-rpg\client\Library\PackageCache\com.unity.modules.particlesystem)
    com.unity.modules.physics@1.0.0 (location: C:\Users\admin\Desktop\games\mobile-rpg\client\Library\PackageCache\com.unity.modules.physics)
    com.unity.modules.physics2d@1.0.0 (location: C:\Users\admin\Desktop\games\mobile-rpg\client\Library\PackageCache\com.unity.modules.physics2d)
    com.unity.modules.physicscore2d@1.0.0 (location: C:\Users\admin\Desktop\games\mobile-rpg\client\Library\PackageCache\com.unity.modules.physicscore2d)
    com.unity.modules.screencapture@1.0.0 (location: C:\Users\admin\Desktop\games\mobile-rpg\client\Library\PackageCache\com.unity.modules.screencapture)
    com.unity.modules.terrain@1.0.0 (location: C:\Users\admin\Desktop\games\mobile-rpg\client\Library\PackageCache\com.unity.modules.terrain)
    com.unity.modules.terrainphysics@1.0.0 (location: C:\Users\admin\Desktop\games\mobile-rpg\client\Library\PackageCache\com.unity.modules.terrainphysics)
    com.unity.modules.tilemap@1.0.0 (location: C:\Users\admin\Desktop\games\mobile-rpg\client\Library\PackageCache\com.unity.modules.tilemap)
    com.unity.modules.ui@1.0.0 (location: C:\Users\admin\Desktop\games\mobile-rpg\client\Library\PackageCache\com.unity.modules.ui)
    com.unity.modules.uielements@1.0.0 (location: C:\Users\admin\Desktop\games\mobile-rpg\client\Library\PackageCache\com.unity.modules.uielements)
    com.unity.modules.umbra@1.0.0 (location: C:\Users\admin\Desktop\games\mobile-rpg\client\Library\PackageCache\com.unity.modules.umbra)
    com.unity.modules.unityanalytics@1.0.0 (location: C:\Users\admin\Desktop\games\mobile-rpg\client\Library\PackageCache\com.unity.modules.unityanalytics)
    com.unity.modules.unitywebrequest@1.0.0 (location: C:\Users\admin\Desktop\games\mobile-rpg\client\Library\PackageCache\com.unity.modules.unitywebrequest)
    com.unity.modules.unitywebrequestassetbundle@1.0.0 (location: C:\Users\admin\Desktop\games\mobile-rpg\client\Library\PackageCache\com.unity.modules.unitywebrequestassetbundle)
    com.unity.modules.unitywebrequestaudio@1.0.0 (location: C:\Users\admin\Desktop\games\mobile-rpg\client\Library\PackageCache\com.unity.modules.unitywebrequestaudio)
    com.unity.modules.unitywebrequesttexture@1.0.0 (location: C:\Users\admin\Desktop\games\mobile-rpg\client\Library\PackageCache\com.unity.modules.unitywebrequesttexture)
    com.unity.modules.unitywebrequestwww@1.0.0 (location: C:\Users\admin\Desktop\games\mobile-rpg\client\Library\PackageCache\com.unity.modules.unitywebrequestwww)
    com.unity.modules.vectorgraphics@1.0.0 (location: C:\Users\admin\Desktop\games\mobile-rpg\client\Library\PackageCache\com.unity.modules.vectorgraphics)
    com.unity.modules.vehicles@1.0.0 (location: C:\Users\admin\Desktop\games\mobile-rpg\client\Library\PackageCache\com.unity.modules.vehicles)
    com.unity.modules.video@1.0.0 (location: C:\Users\admin\Desktop\games\mobile-rpg\client\Library\PackageCache\com.unity.modules.video)
    com.unity.modules.wind@1.0.0 (location: C:\Users\admin\Desktop\games\mobile-rpg\client\Library\PackageCache\com.unity.modules.wind)
    com.unity.modules.xr@1.0.0 (location: C:\Users\admin\Desktop\games\mobile-rpg\client\Library\PackageCache\com.unity.modules.xr)
    com.unity.modules.subsystems@1.0.0 (location: C:\Users\admin\Desktop\games\mobile-rpg\client\Library\PackageCache\com.unity.modules.subsystems)
    com.unity.modules.hierarchycore@1.0.0 (location: C:\Users\admin\Desktop\games\mobile-rpg\client\Library\PackageCache\com.unity.modules.hierarchycore)
    com.unity.ext.nunit@2.1.0 (location: C:\Users\admin\Desktop\games\mobile-rpg\client\Library\PackageCache\com.unity.ext.nunit@44f7d31723bd)
[Subsystems] No new subsystems found in resolved package list.
[Package Manager] Done registering packages in 0.02 seconds
info: Microsoft.Hosting.Lifetime[14]
      Now listening on: http://localhost:80
info: Microsoft.Hosting.Lifetime[0]
      Application started. Press Ctrl+C to shut down.
info: Microsoft.Hosting.Lifetime[0]
      Hosting environment: Production
info: Microsoft.Hosting.Lifetime[0]
      Content root path: C:\Users\admin\Desktop\games\mobile-rpg\client
info: Microsoft.AspNetCore.Hosting.Diagnostics[1]
      Request starting HTTP/2 POST http://ilpp/UnityILPP.PostProcessing/Ping - application/grpc -
info: Microsoft.AspNetCore.Routing.EndpointMiddleware[0]
      Executing endpoint 'gRPC - /UnityILPP.PostProcessing/Ping'
info: Microsoft.AspNetCore.Routing.EndpointMiddleware[1]
      Executed endpoint 'gRPC - /UnityILPP.PostProcessing/Ping'
info: Microsoft.AspNetCore.Hosting.Diagnostics[2]
      Request finished HTTP/2 POST http://ilpp/UnityILPP.PostProcessing/Ping - 200 - application/grpc 39.7410ms
Starting: C:\Program Files\Unity\Hub\Editor\6000.5.9f1\Editor\Data\Tools\BuildPipeline\bee_backend.exe --ipc --defer-dag-verification --dagfile="Library/Bee/1900b0aE.dag" --continue-on-failure --profile="Library/Bee/backend1.traceevents" ScriptAssemblies
WorkingDir: C:/Users/admin/Desktop/games/mobile-rpg/client
Starting: C:\Program Files\Unity\Hub\Editor\6000.5.9f1\Editor\Data\netcorerun\netcorerun.exe "C:\Program Files\Unity\Hub\Editor\6000.5.9f1\Editor\Data\Tools\BuildPipeline\ScriptCompilationBuildProgram.exe" "Library/Bee/1900b0aE.dag.json" "Library/Bee/1900b0aE-inputdata.json" "Library\Bee\buildprogram0.traceevents"
WorkingDir: C:/Users/admin/Desktop/games/mobile-rpg/client
ExitCode: 4 Duration: 0s159ms
Rebuilding DAG because FileSignature timestamp changed: Library/Bee/1900b0aE-inputdata.json
*** Tundra requires additional run (0.12 seconds), 0 items updated, 336 evaluated
ExitCode: 0 Duration: 1s667ms
Starting: C:\Program Files\Unity\Hub\Editor\6000.5.9f1\Editor\Data\Tools\BuildPipeline\bee_backend.exe --ipc --defer-dag-verification --dagfile="Library/Bee/1900b0aE.dag" --continue-on-failure --dagfilejson="Library\Bee\1900b0aE.dag.json" --profile="Library/Bee/backend2.traceevents" ScriptAssemblies
WorkingDir: C:/Users/admin/Desktop/games/mobile-rpg/client
ExitCode: 0 Duration: 0s98ms
Finished compiling graph: 339 nodes, 4233 flattened edges (3935 ToBuild, 42 ToUse), maximum node priority 181
*** Tundra build success (0.07 seconds), 0 items updated, 336 evaluated
AssetDatabase: script compilation time: 2.662282s
Begin MonoManager ReloadAssembly
Native extension for Android target not found
Native extension for WindowsStandalone target not found
Native extension for WebGL target not found
ScheduleIndexationOnStartup MainProcess:True IndexOnStartup:True
Mono: successfully reloaded assembly
- Finished resetting the current domain, in  0.799 seconds
Domain Reload Profiling: 2422ms
	BeginReloadAssembly (456ms)
		DisableScriptedObjects (74ms)
		CreateAndSetChildDomain (170ms)
	RebuildCommonClasses (11ms)
	RebuildNativeTypeToScriptingClass (21ms)
	initialDomainReloadingComplete (60ms)
	LoadAllAssembliesAndSetupDomain (1074ms)
		LoadAssemblies (897ms)
		AnalyzeDomain (182ms)
			TypeCache.Refresh (154ms)
				TypeCache.ScanAssembly (146ms)
			BuildScriptInfoCaches (23ms)
			ResolveRequiredComponents (3ms)
	FinalizeReload (801ms)
		SetupLoadedEditorAssemblies (0ms)
			InitializePlatformSupportModulesInManaged (18ms)
			BeforeProcessingInitializeOnLoad (118ms)
			ProcessInitializeOnLoadAttributes (240ms)
			ProcessInitializeOnLoadMethodAttributes (122ms)
			AfterProcessingInitializeOnLoad (9ms)
		AwakeInstancesAfterBackupRestoration (40ms)
Starting new worker id: 0 with log in C:/Users/admin/Desktop/games/mobile-rpg/client/Logs/AssetImportWorkerHW0.log

Asset Pipeline Refresh (id=10a632813cbbaba4cb39794e884c5cd3): Total: 7.440 seconds - Initiated by InitialRefreshV2(ForceSynchronousImport)
	(Values over 0.05ms)
	Summary:
		Imports: total=0 (actual=0, local cache=0, cache server=0)
		Asset DB Process Time: managed=0 ms, native=3007 ms
		Asset DB Callback time: managed=35 ms, native=41 ms
		Scripting: domain reloads=1, domain reload time=1667 ms, compile time=2665 ms, other=23 ms
		Project Asset Count: scripts=387, non-scripts=517
		Asset File Changes: new=0, changed=0, moved=0, deleted=0
		Scan Filter Count: 0
	InvokePackagesCallback: 43.374ms
	ApplyChangesToAssetFolders: 0.782ms
	Scan: 82.068ms
	Collect global state as custom dependencies: 13.628ms
	CategorizeScriptCompilationAssets: 70.239ms
	ProcessAssetsWithTransientArtifactChanges: 26.246ms
	CategorizeAssets: 13.477ms
	CompileScripts: 2665.056ms
	ImportOutOfDateAssets: 826.268ms (806.498ms without children)
		UnloadImportedAssets: 0.232ms
		EnsureUptoDateAssetsAreRegisteredWithGuidPM: 0.160ms
		ImportSchedulerStart: 19.374ms
	PostProcessAllAssets: 35.516ms
		MonoPostProcessAllAssets: 35.356ms
			WindowAssetPostprocessingWatcher.OnPostprocessAllAssets 13.571ms
			SyncVS.PostprocessSyncProject 2.416ms
			EditModeScopePostprocessor.OnPostprocessAllAssets 1.671ms
			SpeedTree9Postprocessor.OnPostprocessAllAssets 1.457ms
			ReferencedClipsPostProcessor.OnPostprocessAllAssets 0.477ms
			InputActionAssetPostprocessor.OnPostprocessAllAssets 0.417ms
			TerrainToolbarOverlayPostProcessor.OnPostprocessAllAssets 0.345ms
			AssetDatabaseCallbacks.OnPostprocessAllAssets 0.284ms
			ProjectSettingsPostprocessor.OnPostprocessAllAssets 0.235ms
			RenderPipelineGlobalSettingsPostprocessor.OnPostprocessAllAssets 0.210ms
	UnloadStreamsBegin: 1.450ms
	GenerateScriptTypeHashes: 2.885ms
	GenerateScriptTypeSerializationHashes: 5.862ms
	Untracked: 3656.172ms

Application.AssetDatabase Initial Refresh End
Launched and connected shader compiler UnityShaderCompiler.exe after 0.04 seconds
Scanning for USB devices : 4.883ms
Initializing Unity extensions:
[MODES] ModeService[none].Initialize
[MODES] ModeService[none].LoadModes
[MODES] Loading mode Default (0) for mode-current-id-Sapphire RPG
Unloading 25 Unused Serialized files (Serialized files now loaded: 0)
Loaded scene 'Assets/Sapphire/Scenes/VillageHub.unity'
	Deserialize:            74.846 ms
	Integration:            85.610 ms
	Integration of assets:  4.185 ms
	Thread Wait Time:       0.001 ms
	Total Operation Time:   164.642 ms
Unloading 1380 unused Assets / (1.3 MB). Loaded Objects now: 3218.
Memory consumption went from 321.6 MB to 320.3 MB.
Total: 6.721400 ms (FindLiveObjects: 0.337000 ms CreateObjectMapping: 0.284100 ms MarkObjects: 5.237400 ms  DeleteObjects: 0.860000 ms)

[LAYOUT] About to load UserSettings\Layouts\default-6000.dwlt, keepMainWindow=False
[LAYOUT] About to save layout C:\Users\admin\Desktop\games\mobile-rpg\client\UserSettings\Layouts\default-6000.dwlt
[LAYOUT] About to save layout C:/Users/admin/AppData/Roaming/Unity/Editor-5.x/Preferences\Layouts\current\default-6000.dwlt
[MODES] ModeService[default].InitializeCurrentMode
[MODES] ModeService[default].RaiseModeChanged(default, default)
This project uses Input Manager, which is marked for deprecation. To manage input in your project, use the <a href="https://docs.unity3d.com/Packages/com.unity.inputsystem@latest">Input System package</a> instead.
Opening scene 'Assets/Sapphire/Scenes/VillageHub.unity'
Unloading 35 Unused Serialized files (Serialized files now loaded: 0)
Worker ready: AssetImportWorkerHW0 0
Loaded scene 'Assets/Sapphire/Scenes/VillageHub.unity'
	Deserialize:            28.781 ms
	Integration:            17.234 ms
	Integration of assets:  0.005 ms
	Thread Wait Time:       1168.792 ms
	Total Operation Time:   1214.812 ms
Unloading 56 unused Assets / (17.1 MB). Loaded Objects now: 3982.
Memory consumption went from 489.0 MB to 471.9 MB.
Total: 17.549300 ms (FindLiveObjects: 0.524300 ms CreateObjectMapping: 0.304700 ms MarkObjects: 13.629200 ms  DeleteObjects: 3.089200 ms)

<RI> Initializing input.
Using Windows.Gaming.Input
<RI> Input initialized.
[Project] Loading completed in 31.067 seconds
	Project init time: 				28.279 seconds
		Template init time: 		0.000 seconds
		Package Manager init time: 		2.579 seconds
		Asset Database init time: 		0.156 seconds
		Global illumination init time: 	0.028 seconds
		Assemblies load time: 			15.419 seconds
		Unity extensions init time: 	0.010 seconds
		Asset Database refresh time: 	7.440 seconds
	Scene opening time: 			2.663 seconds
##utp:{"type":"ProjectInfo","version":2,"phase":"Immediate","time":1789970444906,"processId":15424,"projectLoad":31.066725,"projectInit":28.2785885,"templateInit":0.0,"packageManagerInit":2.5793082,"assetDatabaseInit":0.1557596,"globalIlluminationInit":0.0275934,"assembliesLoad":15.41934,"unityExtensionsInit":0.0097554,"assetDatabaseRefresh":7.4401081,"sceneOpening":2.6625196}
##utp:{"type":"EditorInfo","version":2,"phase":"Immediate","time":1789970444906,"processId":15424,"editorVersion":"6000.5.9f1 (b57deb96f08d)","branch":"6000.5/staging","buildType":"Release","platform":"Windows"}
Reloading assemblies for play mode.
Reloading assemblies after forced synchronous recompile.
Begin MonoManager ReloadAssembly
Native extension for Android target not found
Native extension for WindowsStandalone target not found
Native extension for WebGL target not found
ScheduleIndexationOnStartup MainProcess:True IndexOnStartup:True
[MODES] ModeService[none].Initialize
[MODES] ModeService[none].LoadModes
Mono: successfully reloaded assembly
- Finished resetting the current domain, in  1.513 seconds
Domain Reload Profiling: 2245ms
	BeginReloadAssembly (492ms)
		DisableScriptedObjects (183ms)
		CreateAndSetChildDomain (130ms)
	RebuildCommonClasses (10ms)
	RebuildNativeTypeToScriptingClass (21ms)
	initialDomainReloadingComplete (54ms)
	LoadAllAssembliesAndSetupDomain (153ms)
		LoadAssemblies (123ms)
		AnalyzeDomain (10ms)
			TypeCache.Refresh (4ms)
			ResolveRequiredComponents (3ms)
	FinalizeReload (1515ms)
		SetupLoadedEditorAssemblies (0ms)
			InitializePlatformSupportModulesInManaged (16ms)
			BeforeProcessingInitializeOnLoad (100ms)
			ProcessInitializeOnLoadAttributes (333ms)
			ProcessInitializeOnLoadMethodAttributes (74ms)
			AfterProcessingInitializeOnLoad (6ms)
		AwakeInstancesAfterBackupRestoration (606ms)
No restricted APIs configured; Validation skipped.
Checking 1 assemblies for restricted APIs found 0 usage(s) in 4 ms

Asset Pipeline Refresh (id=7dc482e4961590f4ea36bfb4922889d7): Total: 2.534 seconds - Initiated by StopAssetImportingV2(ForceSynchronousImport | ForceDomainReload)
	(Values over 0.05ms)
	Summary:
		Imports: total=0 (actual=0, local cache=0, cache server=0)
		Asset DB Process Time: managed=0 ms, native=1621 ms
		Asset DB Callback time: managed=78 ms, native=57 ms
		Scripting: domain reloads=1, domain reload time=774 ms, compile time=2 ms, other=0 ms
		Project Asset Count: scripts=387, non-scripts=517
		Asset File Changes: new=0, changed=0, moved=0, deleted=0
		Scan Filter Count: 0
	InvokePackagesCallback: 2.008ms
	ApplyChangesToAssetFolders: 0.284ms
	Collect global state as custom dependencies: 1.365ms
	ProcessAssetsWithTransientArtifactChanges: 49.665ms
	CategorizeAssets: 6.239ms
	CompileScripts: 1.523ms
	ImportOutOfDateAssets: 1522.810ms (1518.078ms without children)
		CollectScriptTypesHashes: 0.095ms
		ReloadNativeAssets: 0.070ms
		UnloadImportedAssets: 1.741ms
		EnsureUptoDateAssetsAreRegisteredWithGuidPM: 0.110ms
		ImportSchedulerStart: 2.803ms
	PostProcessAllAssets: 127.767ms
		PostprocessAssetsUpdateCachedIcon 3.959ms
		PostProcessCallbackCreateDeferredMaterials 3.306ms
		AssemblyValidation.PostprocessAllAssets 2.937ms
		ShaderAssetModifiedCallback 1.783ms
		RaytracingShaderImportPostprocess 1.581ms
		ComputeShaderImportPostprocess 1.222ms
		SpeedTreeImporter.PostprocessAllAssets 1.194ms
		BlockShaderImporter.PostprocessAllAssets 0.667ms
		LocalizationDatabase.AssetDatabasePostprocessCallback 0.539ms
		XRBuildSystem.XRAssetImported 0.084ms
		MonoPostProcessAllAssets: 74.586ms
			AssetPostprocessor.OnPostprocessAllAssets 13.269ms
			WindowAssetPostprocessingWatcher.OnPostprocessAllAssets 7.912ms
			BuilderAssetPostprocessor.OnPostprocessAllAssets 7.024ms
			InputActionJsonNameModifierAssetProcessor.OnPostprocessAllAssets 6.063ms
			InputActionAssetPostprocessor.OnPostprocessAllAssets 5.675ms
			AssetChangedListener.OnPostprocessAllAssets 4.883ms
			TextAssetPostProcessor.OnPostprocessAllAssets 4.093ms
			SpeedTree9Postprocessor.OnPostprocessAllAssets 2.014ms
			SyncVS.PostprocessSyncProject 1.940ms
			RetainedModeAssetPostprocessor.OnPostprocessAllAssets 1.749ms
			ArtifactBrowserPostProcessor.OnPostprocessAllAssets 0.851ms
			ProjectSettingsPostprocessor.OnPostprocessAllAssets 0.833ms
			StyleCatalogPostProcessor.OnPostprocessAllAssets 0.426ms
			AudioMixerPostprocessor.OnPostprocessAllAssets 0.419ms
			SkillVfxImporter.OnPostprocessAllAssets 0.379ms
			TMPro_TexturePostProcessor.OnPostprocessAllAssets 0.316ms
			EditModeScopePostprocessor.OnPostprocessAllAssets 0.293ms
			SpeedTreePostProcessor.OnPostprocessAllAssets 0.289ms
			ReferencedClipsPostProcessor.OnPostprocessAllAssets 0.286ms
			AssetEvents.OnPostprocessAllAssets 0.242ms
			TerrainToolbarOverlayPostProcessor.OnPostprocessAllAssets 0.169ms
			AssetDatabaseCallbacks.OnPostprocessAllAssets 0.154ms
			RenderPipelineGlobalSettingsPostprocessor.OnPostprocessAllAssets 0.146ms
			ConfigAssetsTracker.OnPostprocessAllAssets 0.139ms
			ScenarioDriftAssetsTracker.OnPostprocessAllAssets 0.136ms
			WarriorSkillVfxImporter.OnPostprocessAllAssets 0.135ms
			AudioContainerPostProcessor.OnPostprocessAllAssets 0.126ms
	PostAssetChangesProfiler: 7.945ms
	UnloadStreamsBegin: 1.733ms
	GenerateScriptTypeHashes: 0.822ms
	GenerateScriptTypeSerializationHashes: 1.583ms
	Untracked: 805.568ms

Loaded scene 'Temp/__Backupscenes/0.backup'
	Deserialize:            6.783 ms
	Integration:            67.921 ms
	Integration of assets:  0.015 ms
	Thread Wait Time:       0.010 ms
	Total Operation Time:   74.729 ms
Dynamic Batching is deprecated and will be removed in a future release. Use GPU Instancing instead. Disable Dynamic Batching in Project Settings > Player > Other Settings to remove this warning.
UnityEngine.Debug:ExtractStackTraceNoAlloc (byte*,int,string)
UnityEngine.StackTraceUtility:ExtractStackTrace ()
UnityEngine.DebugLogHandler:Internal_Log (UnityEngine.LogType,UnityEngine.LogOption,string,UnityEngine.Object)
UnityEngine.DebugLogHandler:LogFormat (UnityEngine.LogType,UnityEngine.Object,string,object[])
UnityEngine.Logger:Log (UnityEngine.LogType,object)
UnityEngine.Debug:LogWarning (object)
UnityEditor.PlayerSettingsBatchingWarning:WarnIfDynamicBatchingEnabled ()
UnityEditor.EditorApplication:Internal_CallUpdateFunctions ()

Start Indexing on Editor startup
[Indexing] Starting Initial Indexing for Assets
Created GICache directory at C:/Users/admin/AppData/LocalLow/Unity/Caches/GiCache. Took: 0.016s, timestamps: [34.441 - 34.457]
[Licensing::Client] Successfully resolved entitlement details
[Licensing::Client] Successfully resolved entitlement details
VILLAGEHUB_SCREENSHOT SUCCESS path=C:\Users\admin\Desktop\games\mobile-rpg\generated-images\diagnostics\villagehub_fullmap_20260921_150048.png
UnityEngine.Debug:ExtractStackTraceNoAlloc (byte*,int,string)
UnityEngine.StackTraceUtility:ExtractStackTrace ()
UnityEngine.DebugLogHandler:Internal_Log (UnityEngine.LogType,UnityEngine.LogOption,string,UnityEngine.Object)
UnityEngine.DebugLogHandler:LogFormat (UnityEngine.LogType,UnityEngine.Object,string,object[])
UnityEngine.Logger:Log (UnityEngine.LogType,object)
UnityEngine.Debug:Log (object)
Sapphire.EditorTools.VillageHubScreenshotCapture:SaveScreenshot () (at Assets/Sapphire/Editor/VillageHubScreenshotCapture.cs:216)
Sapphire.EditorTools.VillageHubScreenshotCapture:OnUpdate () (at Assets/Sapphire/Editor/VillageHubScreenshotCapture.cs:148)
UnityEditor.EditorApplication:Internal_CallUpdateFunctions ()

(Filename: Assets/Sapphire/Editor/VillageHubScreenshotCapture.cs Line: 216)

Unloading 18 Unused Serialized files (Serialized files now loaded: 0)
Loaded scene 'Temp/__Backupscenes/0.backup'
	Deserialize:            6.637 ms
	Integration:            13.028 ms
	Integration of assets:  0.025 ms
	Thread Wait Time:       -0.023 ms
	Total Operation Time:   19.667 ms
Unloading 1324 unused Assets / (13.3 MB). Loaded Objects now: 4035.
Memory consumption went from 0.52 GB to 0.50 GB.
Total: 11.651900 ms (FindLiveObjects: 0.347500 ms CreateObjectMapping: 0.295000 ms MarkObjects: 10.177000 ms  DeleteObjects: 0.831500 ms)

MonoPathRemapper: Attempts to remap: 12039; Successful remaps: 3272
Serialized file version minimum: 23, current 23
[LAYOUT] About to save layout C:\Users\admin\Desktop\games\mobile-rpg\client\UserSettings\Layouts\default-6000.dwlt
[LAYOUT] About to save layout C:/Users/admin/AppData/Roaming/Unity/Editor-5.x/Preferences\Layouts\current\default-6000.dwlt
Android Extension - Scanning For ADB Devices 2316 ms
Killing ADB server in 1.5927704 seconds.
Input System module state changed to: ShutdownInProgress.
Input Polling Thread exited.
Input System module state changed to: Shutdown.
[Physics::Module] Cleanup current backend.
[Physics::Module] Id: 0xf2b8ea05
[Licensing::IpcConnector] LicenseClient-admin-notifications channel disconnected successfully.
[Licensing::IpcConnector] LicenseClient-admin channel disconnected successfully.
Shut down.
Lingering sessions upon destruction of worker manager
AcceleratorClientConnectionCallback - disconnected - :0
Cleanup mono
CodeReloadManager destroyed
abort_threads: Failed aborting id: 00000000000055A0, mono_thread_manage will ignore it

abort_threads: Failed aborting id: 0000000000005218, mono_thread_manage will ignore it

abort_threads: Failed aborting id: 00000000000055A0, mono_thread_manage will ignore it

abort_threads: Failed aborting id: 0000000000005218, mono_thread_manage will ignore it

debugger-agent: Unable to listen on 4648
Checking for leaked weakptr:
  Found no leaked weakptrs.
[Package Manager] Server process was shutdown
Internal: There are remaining Allocations on the JobTempAlloc. This is a leak, and will impact performance
To Debug, run app with -diag-job-temp-memory-leak-validation cmd line argument. This will output the callstacks of the leaked allocations.
Internal: There are remaining Allocations on the JobTempAlloc. This is a leak, and will impact performance
To Debug, run app with -diag-job-temp-memory-leak-validation cmd line argument. This will output the callstacks of the leaked allocations.
##utp:{"type":"MemoryLeaks","version":2,"phase":"Immediate","time":1789970451723,"processId":15424,"allocatedMemory":45972503,"memoryLabels":[{"Default":192863},{"Permanent":15516},{"NewDelete":65105},{"Thread":4205688},{"Manager":32648},{"VertexData":8},{"Geometry":816},{"Texture":24},{"Shader":843864},{"Material":24},{"GfxDevice":61400},{"GfxThread":1536},{"Animation":952},{"Audio":1168},{"FreeType":8},{"FontEngine":736},{"Physics":2146},{"Physics2D":16},{"Serialization":92248},{"Input":45280},{"JobScheduler":256},{"TextLib":19030},{"Mono":48},{"ScriptingNativeRuntime":689868},{"BaseObject":1622088},{"Resource":1208},{"Renderer":3080},{"Transform":4685},{"File":6974},{"WebCam":616},{"Culling":32},{"Terrain":11442},{"Wind":24},{"STL":40},{"String":34263},{"StaticString":3808},{"Utility":2673314},{"Curl":48},{"PoolAlloc":2168},{"AI":80},{"TypeTree":20997},{"CodeReload":448},{"RuntimeInitializeOnLoadManager":64},{"Sprites":102},{"SpriteAtlas":120},{"GI":7816},{"Director":8296},{"CloudService":15992},{"WebRequest":552},{"VR":47114},{"SceneManager":608},{"Video":208},{"LazyScriptCache":32},{"NativeArray":33047588},{"Camera":17},{"Secure":2377},{"SerializationCache":1576},{"APIUpdating":10320},{"Subsystems":336},{"VirtualTexturing":57888},{"StaticSafetyDebugInfo":278528},{"Analytics":552},{"Hierarchy":1176},{"UIElements":220128},{"CoreStats":13688},{"Identifiers":6768},{"Gui":521},{"EditorUtility":191586},{"VersionControl":8},{"Undo":931},{"AssetDatabase":1352809},{"AssetImporter":40},{"EditorGi":328},{"UnityConnect":31010},{"Upm":1912},{"UpmDiagnostics":8},{"AssetCompliance":64},{"DrivenProperties":72},{"LocalIPC":211},{"ProfilerEditor":9746},{"CoreBusinessMetrics":3480},{"Windowing":456},{"Licensing":1232},{"AssetReference":32},{"IPCStream":32}]}
Internal: There are remaining Allocations on the JobTempAlloc. This is a leak, and will impact performance
To Debug, run app with -diag-job-temp-memory-leak-validation cmd line argument. This will output the callstacks of the leaked allocations.
